// Jest Snapshot v1, https://goo.gl/fbAQLP

exports[`Button fixbug renders {0} , 0 and {false} 1`] = `
<button
  class="ant-btn"
  type="button"
>
  0
</button>
`;

exports[`Button fixbug renders {0} , 0 and {false} 2`] = `
<button
  class="ant-btn"
  type="button"
>
  <span>
    0
  </span>
</button>
`;

exports[`Button fixbug renders {0} , 0 and {false} 3`] = `
<button
  class="ant-btn"
  type="button"
/>
`;

exports[`Button renders Chinese characters correctly 1`] = `
<button
  class="ant-btn"
  type="button"
>
  <span>
    按 钮
  </span>
</button>
`;

exports[`Button renders Chinese characters correctly 2`] = `
<button
  class="ant-btn"
  type="button"
>
  <i
    class="anticon anticon-search"
  >
    <svg
      aria-hidden="true"
      class=""
      data-icon="search"
      fill="currentColor"
      height="1em"
      viewBox="64 64 896 896"
      width="1em"
    >
      <path
        d="M608 112c-167.9 0-304 136.1-304 304 0 70.3 23.9 135 63.9 186.5L114.3 856.1a8.03 8.03 0 0 0 0 11.3l42.3 42.3c3.1 3.1 8.2 3.1 11.3 0l253.6-253.6C473 696.1 537.7 720 608 720c167.9 0 304-136.1 304-304S775.9 112 608 112zm161.2 465.2C726.2 620.3 668.9 644 608 644s-118.2-23.7-161.2-66.8C403.7 534.2 380 476.9 380 416s23.7-118.2 66.8-161.2c43-43.1 100.3-66.8 161.2-66.8s118.2 23.7 161.2 66.8c43.1 43 66.8 100.3 66.8 161.2s-23.7 118.2-66.8 161.2z"
      />
    </svg>
  </i>
  <span>
    按钮
  </span>
</button>
`;

exports[`Button renders Chinese characters correctly 3`] = `
<button
  class="ant-btn"
  type="button"
>
  <i
    class="anticon anticon-search"
  >
    <svg
      aria-hidden="true"
      class=""
      data-icon="search"
      fill="currentColor"
      height="1em"
      viewBox="64 64 896 896"
      width="1em"
    >
      <path
        d="M608 112c-167.9 0-304 136.1-304 304 0 70.3 23.9 135 63.9 186.5L114.3 856.1a8.03 8.03 0 0 0 0 11.3l42.3 42.3c3.1 3.1 8.2 3.1 11.3 0l253.6-253.6C473 696.1 537.7 720 608 720c167.9 0 304-136.1 304-304S775.9 112 608 112zm161.2 465.2C726.2 620.3 668.9 644 608 644s-118.2-23.7-161.2-66.8C403.7 534.2 380 476.9 380 416s23.7-118.2 66.8-161.2c43-43.1 100.3-66.8 161.2-66.8s118.2 23.7 161.2 66.8c43.1 43 66.8 100.3 66.8 161.2s-23.7 118.2-66.8 161.2z"
      />
    </svg>
  </i>
  <span>
    按钮
  </span>
</button>
`;

exports[`Button renders Chinese characters correctly 4`] = `
<button
  class="ant-btn"
  type="button"
>
  <i
    class="anticon anticon-search"
  >
    <svg
      aria-hidden="true"
      class=""
      data-icon="search"
      fill="currentColor"
      height="1em"
      viewBox="64 64 896 896"
      width="1em"
    >
      <path
        d="M608 112c-167.9 0-304 136.1-304 304 0 70.3 23.9 135 63.9 186.5L114.3 856.1a8.03 8.03 0 0 0 0 11.3l42.3 42.3c3.1 3.1 8.2 3.1 11.3 0l253.6-253.6C473 696.1 537.7 720 608 720c167.9 0 304-136.1 304-304S775.9 112 608 112zm161.2 465.2C726.2 620.3 668.9 644 608 644s-118.2-23.7-161.2-66.8C403.7 534.2 380 476.9 380 416s23.7-118.2 66.8-161.2c43-43.1 100.3-66.8 161.2-66.8s118.2 23.7 161.2 66.8c43.1 43 66.8 100.3 66.8 161.2s-23.7 118.2-66.8 161.2z"
      />
    </svg>
  </i>
  <span>
    按钮
  </span>
</button>
`;

exports[`Button renders Chinese characters correctly 5`] = `
<button
  class="ant-btn ant-btn-loading"
  type="button"
>
  <i
    class="anticon anticon-loading"
  >
    <svg
      aria-hidden="true"
      class="anticon-spin"
      data-icon="loading"
      fill="currentColor"
      height="1em"
      viewBox="0 0 1024 1024"
      width="1em"
    >
      <path
        d="M988 548c-19.9 0-36-16.1-36-36 0-59.4-11.6-117-34.6-171.3a440.45 440.45 0 0 0-94.3-139.9 437.71 437.71 0 0 0-139.9-94.3C629 83.6 571.4 72 512 72c-19.9 0-36-16.1-36-36s16.1-36 36-36c69.1 0 136.2 13.5 199.3 40.3C772.3 66 827 103 874 150c47 47 83.9 101.8 109.7 162.7 26.7 63.1 40.2 130.2 40.2 199.3.1 19.9-16 36-35.9 36z"
      />
    </svg>
  </i>
  <span>
    按钮
  </span>
</button>
`;

exports[`Button renders Chinese characters correctly 6`] = `
<button
  class="ant-btn ant-btn-loading"
  type="button"
>
  <i
    class="anticon anticon-loading"
  >
    <svg
      aria-hidden="true"
      class="anticon-spin"
      data-icon="loading"
      fill="currentColor"
      height="1em"
      viewBox="0 0 1024 1024"
      width="1em"
    >
      <path
        d="M988 548c-19.9 0-36-16.1-36-36 0-59.4-11.6-117-34.6-171.3a440.45 440.45 0 0 0-94.3-139.9 437.71 437.71 0 0 0-139.9-94.3C629 83.6 571.4 72 512 72c-19.9 0-36-16.1-36-36s16.1-36 36-36c69.1 0 136.2 13.5 199.3 40.3C772.3 66 827 103 874 150c47 47 83.9 101.8 109.7 162.7 26.7 63.1 40.2 130.2 40.2 199.3.1 19.9-16 36-35.9 36z"
      />
    </svg>
  </i>
  <span>
    按 钮
  </span>
</button>
`;

exports[`Button renders correctly 1`] = `
<button
  class="ant-btn"
  type="button"
>
  <span>
    Follow
  </span>
</button>
`;

exports[`Button should support link button 1`] = `
<a
  class="ant-btn"
  href="http://ant.design"
  target="_blank"
>
  <span>
    link button
  </span>
</a>
`;
