// Jest Snapshot v1, https://goo.gl/fbAQLP

exports[`renders ./components/transfer/demo/advanced.md correctly 1`] = `
<div
  class="ant-transfer"
>
  <div
    class="ant-transfer-list ant-transfer-list-with-footer"
    style="width:250px;height:300px"
  >
    <div
      class="ant-transfer-list-header"
    >
      <label
        class="ant-checkbox-wrapper"
      >
        <span
          class="ant-checkbox"
        >
          <input
            class="ant-checkbox-input"
            type="checkbox"
          />
          <span
            class="ant-checkbox-inner"
          />
        </span>
      </label>
      <span
        class="ant-transfer-list-header-selected"
      >
        <span>
          0 item
        </span>
        <span
          class="ant-transfer-list-header-title"
        />
      </span>
    </div>
    <div
      class="ant-transfer-list-body ant-transfer-list-body-with-search"
    >
      <div
        class="ant-transfer-list-body-search-wrapper"
      >
        <div>
          <input
            class="ant-input ant-transfer-list-search"
            placeholder="Search here"
            type="text"
            value=""
          />
          <span
            class="ant-transfer-list-search-action"
          >
            <i
              class="anticon anticon-search"
            >
              <svg
                aria-hidden="true"
                class=""
                data-icon="search"
                fill="currentColor"
                height="1em"
                viewBox="64 64 896 896"
                width="1em"
              >
                <path
                  d="M608 112c-167.9 0-304 136.1-304 304 0 70.3 23.9 135 63.9 186.5L114.3 856.1a8.03 8.03 0 0 0 0 11.3l42.3 42.3c3.1 3.1 8.2 3.1 11.3 0l253.6-253.6C473 696.1 537.7 720 608 720c167.9 0 304-136.1 304-304S775.9 112 608 112zm161.2 465.2C726.2 620.3 668.9 644 608 644s-118.2-23.7-161.2-66.8C403.7 534.2 380 476.9 380 416s23.7-118.2 66.8-161.2c43-43.1 100.3-66.8 161.2-66.8s118.2 23.7 161.2 66.8c43.1 43 66.8 100.3 66.8 161.2s-23.7 118.2-66.8 161.2z"
                />
              </svg>
            </i>
          </span>
        </div>
      </div>
      <ul
        class="ant-transfer-list-content"
      />
      <div
        class="ant-transfer-list-body-not-found"
      >
        Not Found
      </div>
    </div>
    <div
      class="ant-transfer-list-footer"
    >
      <button
        class="ant-btn ant-btn-sm"
        style="float:right;margin:5px"
        type="button"
      >
        <span>
          reload
        </span>
      </button>
    </div>
  </div>
  <div
    class="ant-transfer-operation"
  >
    <button
      class="ant-btn ant-btn-primary ant-btn-sm"
      disabled=""
      type="button"
    >
      <i
        class="anticon anticon-right"
      >
        <svg
          aria-hidden="true"
          class=""
          data-icon="right"
          fill="currentColor"
          height="1em"
          viewBox="64 64 896 896"
          width="1em"
        >
          <path
            d="M765.7 486.8L314.9 134.7A7.97 7.97 0 0 0 302 141v77.3c0 4.9 2.3 9.6 6.1 12.6l360 281.1-360 281.1c-3.9 3-6.1 7.7-6.1 12.6V883c0 6.7 7.7 10.4 12.9 6.3l450.8-352.1a31.96 31.96 0 0 0 0-50.4z"
          />
        </svg>
      </i>
      <span>
        to right
      </span>
    </button>
    <button
      class="ant-btn ant-btn-primary ant-btn-sm"
      disabled=""
      type="button"
    >
      <i
        class="anticon anticon-left"
      >
        <svg
          aria-hidden="true"
          class=""
          data-icon="left"
          fill="currentColor"
          height="1em"
          viewBox="64 64 896 896"
          width="1em"
        >
          <path
            d="M724 218.3V141c0-6.7-7.7-10.4-12.9-6.3L260.3 486.8a31.86 31.86 0 0 0 0 50.3l450.8 352.1c5.3 4.1 12.9.4 12.9-6.3v-77.3c0-4.9-2.3-9.6-6.1-12.6l-360-281 360-281.1c3.8-3 6.1-7.7 6.1-12.6z"
          />
        </svg>
      </i>
      <span>
        to left
      </span>
    </button>
  </div>
  <div
    class="ant-transfer-list ant-transfer-list-with-footer"
    style="width:250px;height:300px"
  >
    <div
      class="ant-transfer-list-header"
    >
      <label
        class="ant-checkbox-wrapper"
      >
        <span
          class="ant-checkbox"
        >
          <input
            class="ant-checkbox-input"
            type="checkbox"
          />
          <span
            class="ant-checkbox-inner"
          />
        </span>
      </label>
      <span
        class="ant-transfer-list-header-selected"
      >
        <span>
          0 item
        </span>
        <span
          class="ant-transfer-list-header-title"
        />
      </span>
    </div>
    <div
      class="ant-transfer-list-body ant-transfer-list-body-with-search"
    >
      <div
        class="ant-transfer-list-body-search-wrapper"
      >
        <div>
          <input
            class="ant-input ant-transfer-list-search"
            placeholder="Search here"
            type="text"
            value=""
          />
          <span
            class="ant-transfer-list-search-action"
          >
            <i
              class="anticon anticon-search"
            >
              <svg
                aria-hidden="true"
                class=""
                data-icon="search"
                fill="currentColor"
                height="1em"
                viewBox="64 64 896 896"
                width="1em"
              >
                <path
                  d="M608 112c-167.9 0-304 136.1-304 304 0 70.3 23.9 135 63.9 186.5L114.3 856.1a8.03 8.03 0 0 0 0 11.3l42.3 42.3c3.1 3.1 8.2 3.1 11.3 0l253.6-253.6C473 696.1 537.7 720 608 720c167.9 0 304-136.1 304-304S775.9 112 608 112zm161.2 465.2C726.2 620.3 668.9 644 608 644s-118.2-23.7-161.2-66.8C403.7 534.2 380 476.9 380 416s23.7-118.2 66.8-161.2c43-43.1 100.3-66.8 161.2-66.8s118.2 23.7 161.2 66.8c43.1 43 66.8 100.3 66.8 161.2s-23.7 118.2-66.8 161.2z"
                />
              </svg>
            </i>
          </span>
        </div>
      </div>
      <ul
        class="ant-transfer-list-content"
      />
      <div
        class="ant-transfer-list-body-not-found"
      >
        Not Found
      </div>
    </div>
    <div
      class="ant-transfer-list-footer"
    >
      <button
        class="ant-btn ant-btn-sm"
        style="float:right;margin:5px"
        type="button"
      >
        <span>
          reload
        </span>
      </button>
    </div>
  </div>
</div>
`;

exports[`renders ./components/transfer/demo/basic.md correctly 1`] = `
<div
  class="ant-transfer"
>
  <div
    class="ant-transfer-list"
  >
    <div
      class="ant-transfer-list-header"
    >
      <label
        class="ant-checkbox-wrapper"
      >
        <span
          class="ant-checkbox"
        >
          <input
            class="ant-checkbox-input"
            type="checkbox"
          />
          <span
            class="ant-checkbox-inner"
          />
        </span>
      </label>
      <span
        class="ant-transfer-list-header-selected"
      >
        <span>
          14 items
        </span>
        <span
          class="ant-transfer-list-header-title"
        >
          Source
        </span>
      </span>
    </div>
    <div
      class="ant-transfer-list-body"
    >
      <ul
        class="ant-transfer-list-content"
      >
        <div
          class="LazyLoad"
          style="height:32px"
        />
        <div
          class="LazyLoad"
          style="height:32px"
        />
        <div
          class="LazyLoad"
          style="height:32px"
        />
        <div
          class="LazyLoad"
          style="height:32px"
        />
        <div
          class="LazyLoad"
          style="height:32px"
        />
        <div
          class="LazyLoad"
          style="height:32px"
        />
        <div
          class="LazyLoad"
          style="height:32px"
        />
        <div
          class="LazyLoad"
          style="height:32px"
        />
        <div
          class="LazyLoad"
          style="height:32px"
        />
        <div
          class="LazyLoad"
          style="height:32px"
        />
        <div
          class="LazyLoad"
          style="height:32px"
        />
        <div
          class="LazyLoad"
          style="height:32px"
        />
        <div
          class="LazyLoad"
          style="height:32px"
        />
        <div
          class="LazyLoad"
          style="height:32px"
        />
      </ul>
      <div
        class="ant-transfer-list-body-not-found"
      >
        Not Found
      </div>
    </div>
  </div>
  <div
    class="ant-transfer-operation"
  >
    <button
      class="ant-btn ant-btn-primary ant-btn-sm ant-btn-icon-only"
      disabled=""
      type="button"
    >
      <i
        class="anticon anticon-right"
      >
        <svg
          aria-hidden="true"
          class=""
          data-icon="right"
          fill="currentColor"
          height="1em"
          viewBox="64 64 896 896"
          width="1em"
        >
          <path
            d="M765.7 486.8L314.9 134.7A7.97 7.97 0 0 0 302 141v77.3c0 4.9 2.3 9.6 6.1 12.6l360 281.1-360 281.1c-3.9 3-6.1 7.7-6.1 12.6V883c0 6.7 7.7 10.4 12.9 6.3l450.8-352.1a31.96 31.96 0 0 0 0-50.4z"
          />
        </svg>
      </i>
    </button>
    <button
      class="ant-btn ant-btn-primary ant-btn-sm ant-btn-icon-only"
      disabled=""
      type="button"
    >
      <i
        class="anticon anticon-left"
      >
        <svg
          aria-hidden="true"
          class=""
          data-icon="left"
          fill="currentColor"
          height="1em"
          viewBox="64 64 896 896"
          width="1em"
        >
          <path
            d="M724 218.3V141c0-6.7-7.7-10.4-12.9-6.3L260.3 486.8a31.86 31.86 0 0 0 0 50.3l450.8 352.1c5.3 4.1 12.9.4 12.9-6.3v-77.3c0-4.9-2.3-9.6-6.1-12.6l-360-281 360-281.1c3.8-3 6.1-7.7 6.1-12.6z"
          />
        </svg>
      </i>
    </button>
  </div>
  <div
    class="ant-transfer-list"
  >
    <div
      class="ant-transfer-list-header"
    >
      <label
        class="ant-checkbox-wrapper"
      >
        <span
          class="ant-checkbox"
        >
          <input
            class="ant-checkbox-input"
            type="checkbox"
          />
          <span
            class="ant-checkbox-inner"
          />
        </span>
      </label>
      <span
        class="ant-transfer-list-header-selected"
      >
        <span>
          6 items
        </span>
        <span
          class="ant-transfer-list-header-title"
        >
          Target
        </span>
      </span>
    </div>
    <div
      class="ant-transfer-list-body"
    >
      <ul
        class="ant-transfer-list-content"
      >
        <div
          class="LazyLoad"
          style="height:32px"
        />
        <div
          class="LazyLoad"
          style="height:32px"
        />
        <div
          class="LazyLoad"
          style="height:32px"
        />
        <div
          class="LazyLoad"
          style="height:32px"
        />
        <div
          class="LazyLoad"
          style="height:32px"
        />
        <div
          class="LazyLoad"
          style="height:32px"
        />
      </ul>
      <div
        class="ant-transfer-list-body-not-found"
      >
        Not Found
      </div>
    </div>
  </div>
</div>
`;

exports[`renders ./components/transfer/demo/custom-item.md correctly 1`] = `
<div
  class="ant-transfer"
>
  <div
    class="ant-transfer-list"
    style="width:300px;height:300px"
  >
    <div
      class="ant-transfer-list-header"
    >
      <label
        class="ant-checkbox-wrapper"
      >
        <span
          class="ant-checkbox"
        >
          <input
            class="ant-checkbox-input"
            type="checkbox"
          />
          <span
            class="ant-checkbox-inner"
          />
        </span>
      </label>
      <span
        class="ant-transfer-list-header-selected"
      >
        <span>
          0 item
        </span>
        <span
          class="ant-transfer-list-header-title"
        />
      </span>
    </div>
    <div
      class="ant-transfer-list-body"
    >
      <ul
        class="ant-transfer-list-content"
      />
      <div
        class="ant-transfer-list-body-not-found"
      >
        Not Found
      </div>
    </div>
  </div>
  <div
    class="ant-transfer-operation"
  >
    <button
      class="ant-btn ant-btn-primary ant-btn-sm ant-btn-icon-only"
      disabled=""
      type="button"
    >
      <i
        class="anticon anticon-right"
      >
        <svg
          aria-hidden="true"
          class=""
          data-icon="right"
          fill="currentColor"
          height="1em"
          viewBox="64 64 896 896"
          width="1em"
        >
          <path
            d="M765.7 486.8L314.9 134.7A7.97 7.97 0 0 0 302 141v77.3c0 4.9 2.3 9.6 6.1 12.6l360 281.1-360 281.1c-3.9 3-6.1 7.7-6.1 12.6V883c0 6.7 7.7 10.4 12.9 6.3l450.8-352.1a31.96 31.96 0 0 0 0-50.4z"
          />
        </svg>
      </i>
    </button>
    <button
      class="ant-btn ant-btn-primary ant-btn-sm ant-btn-icon-only"
      disabled=""
      type="button"
    >
      <i
        class="anticon anticon-left"
      >
        <svg
          aria-hidden="true"
          class=""
          data-icon="left"
          fill="currentColor"
          height="1em"
          viewBox="64 64 896 896"
          width="1em"
        >
          <path
            d="M724 218.3V141c0-6.7-7.7-10.4-12.9-6.3L260.3 486.8a31.86 31.86 0 0 0 0 50.3l450.8 352.1c5.3 4.1 12.9.4 12.9-6.3v-77.3c0-4.9-2.3-9.6-6.1-12.6l-360-281 360-281.1c3.8-3 6.1-7.7 6.1-12.6z"
          />
        </svg>
      </i>
    </button>
  </div>
  <div
    class="ant-transfer-list"
    style="width:300px;height:300px"
  >
    <div
      class="ant-transfer-list-header"
    >
      <label
        class="ant-checkbox-wrapper"
      >
        <span
          class="ant-checkbox"
        >
          <input
            class="ant-checkbox-input"
            type="checkbox"
          />
          <span
            class="ant-checkbox-inner"
          />
        </span>
      </label>
      <span
        class="ant-transfer-list-header-selected"
      >
        <span>
          0 item
        </span>
        <span
          class="ant-transfer-list-header-title"
        />
      </span>
    </div>
    <div
      class="ant-transfer-list-body"
    >
      <ul
        class="ant-transfer-list-content"
      />
      <div
        class="ant-transfer-list-body-not-found"
      >
        Not Found
      </div>
    </div>
  </div>
</div>
`;

exports[`renders ./components/transfer/demo/large-data.md correctly 1`] = `
<div
  class="ant-transfer"
>
  <div
    class="ant-transfer-list"
  >
    <div
      class="ant-transfer-list-header"
    >
      <label
        class="ant-checkbox-wrapper"
      >
        <span
          class="ant-checkbox"
        >
          <input
            class="ant-checkbox-input"
            type="checkbox"
          />
          <span
            class="ant-checkbox-inner"
          />
        </span>
      </label>
      <span
        class="ant-transfer-list-header-selected"
      >
        <span>
          0 item
        </span>
        <span
          class="ant-transfer-list-header-title"
        />
      </span>
    </div>
    <div
      class="ant-transfer-list-body"
    >
      <ul
        class="ant-transfer-list-content"
      />
      <div
        class="ant-transfer-list-body-not-found"
      >
        Not Found
      </div>
    </div>
  </div>
  <div
    class="ant-transfer-operation"
  >
    <button
      class="ant-btn ant-btn-primary ant-btn-sm ant-btn-icon-only"
      disabled=""
      type="button"
    >
      <i
        class="anticon anticon-right"
      >
        <svg
          aria-hidden="true"
          class=""
          data-icon="right"
          fill="currentColor"
          height="1em"
          viewBox="64 64 896 896"
          width="1em"
        >
          <path
            d="M765.7 486.8L314.9 134.7A7.97 7.97 0 0 0 302 141v77.3c0 4.9 2.3 9.6 6.1 12.6l360 281.1-360 281.1c-3.9 3-6.1 7.7-6.1 12.6V883c0 6.7 7.7 10.4 12.9 6.3l450.8-352.1a31.96 31.96 0 0 0 0-50.4z"
          />
        </svg>
      </i>
    </button>
    <button
      class="ant-btn ant-btn-primary ant-btn-sm ant-btn-icon-only"
      disabled=""
      type="button"
    >
      <i
        class="anticon anticon-left"
      >
        <svg
          aria-hidden="true"
          class=""
          data-icon="left"
          fill="currentColor"
          height="1em"
          viewBox="64 64 896 896"
          width="1em"
        >
          <path
            d="M724 218.3V141c0-6.7-7.7-10.4-12.9-6.3L260.3 486.8a31.86 31.86 0 0 0 0 50.3l450.8 352.1c5.3 4.1 12.9.4 12.9-6.3v-77.3c0-4.9-2.3-9.6-6.1-12.6l-360-281 360-281.1c3.8-3 6.1-7.7 6.1-12.6z"
          />
        </svg>
      </i>
    </button>
  </div>
  <div
    class="ant-transfer-list"
  >
    <div
      class="ant-transfer-list-header"
    >
      <label
        class="ant-checkbox-wrapper"
      >
        <span
          class="ant-checkbox"
        >
          <input
            class="ant-checkbox-input"
            type="checkbox"
          />
          <span
            class="ant-checkbox-inner"
          />
        </span>
      </label>
      <span
        class="ant-transfer-list-header-selected"
      >
        <span>
          0 item
        </span>
        <span
          class="ant-transfer-list-header-title"
        />
      </span>
    </div>
    <div
      class="ant-transfer-list-body"
    >
      <ul
        class="ant-transfer-list-content"
      />
      <div
        class="ant-transfer-list-body-not-found"
      >
        Not Found
      </div>
    </div>
  </div>
</div>
`;

exports[`renders ./components/transfer/demo/search.md correctly 1`] = `
<div
  class="ant-transfer"
>
  <div
    class="ant-transfer-list"
  >
    <div
      class="ant-transfer-list-header"
    >
      <label
        class="ant-checkbox-wrapper"
      >
        <span
          class="ant-checkbox"
        >
          <input
            class="ant-checkbox-input"
            type="checkbox"
          />
          <span
            class="ant-checkbox-inner"
          />
        </span>
      </label>
      <span
        class="ant-transfer-list-header-selected"
      >
        <span>
          0 item
        </span>
        <span
          class="ant-transfer-list-header-title"
        />
      </span>
    </div>
    <div
      class="ant-transfer-list-body ant-transfer-list-body-with-search"
    >
      <div
        class="ant-transfer-list-body-search-wrapper"
      >
        <div>
          <input
            class="ant-input ant-transfer-list-search"
            placeholder="Search here"
            type="text"
            value=""
          />
          <span
            class="ant-transfer-list-search-action"
          >
            <i
              class="anticon anticon-search"
            >
              <svg
                aria-hidden="true"
                class=""
                data-icon="search"
                fill="currentColor"
                height="1em"
                viewBox="64 64 896 896"
                width="1em"
              >
                <path
                  d="M608 112c-167.9 0-304 136.1-304 304 0 70.3 23.9 135 63.9 186.5L114.3 856.1a8.03 8.03 0 0 0 0 11.3l42.3 42.3c3.1 3.1 8.2 3.1 11.3 0l253.6-253.6C473 696.1 537.7 720 608 720c167.9 0 304-136.1 304-304S775.9 112 608 112zm161.2 465.2C726.2 620.3 668.9 644 608 644s-118.2-23.7-161.2-66.8C403.7 534.2 380 476.9 380 416s23.7-118.2 66.8-161.2c43-43.1 100.3-66.8 161.2-66.8s118.2 23.7 161.2 66.8c43.1 43 66.8 100.3 66.8 161.2s-23.7 118.2-66.8 161.2z"
                />
              </svg>
            </i>
          </span>
        </div>
      </div>
      <ul
        class="ant-transfer-list-content"
      />
      <div
        class="ant-transfer-list-body-not-found"
      >
        Not Found
      </div>
    </div>
  </div>
  <div
    class="ant-transfer-operation"
  >
    <button
      class="ant-btn ant-btn-primary ant-btn-sm ant-btn-icon-only"
      disabled=""
      type="button"
    >
      <i
        class="anticon anticon-right"
      >
        <svg
          aria-hidden="true"
          class=""
          data-icon="right"
          fill="currentColor"
          height="1em"
          viewBox="64 64 896 896"
          width="1em"
        >
          <path
            d="M765.7 486.8L314.9 134.7A7.97 7.97 0 0 0 302 141v77.3c0 4.9 2.3 9.6 6.1 12.6l360 281.1-360 281.1c-3.9 3-6.1 7.7-6.1 12.6V883c0 6.7 7.7 10.4 12.9 6.3l450.8-352.1a31.96 31.96 0 0 0 0-50.4z"
          />
        </svg>
      </i>
    </button>
    <button
      class="ant-btn ant-btn-primary ant-btn-sm ant-btn-icon-only"
      disabled=""
      type="button"
    >
      <i
        class="anticon anticon-left"
      >
        <svg
          aria-hidden="true"
          class=""
          data-icon="left"
          fill="currentColor"
          height="1em"
          viewBox="64 64 896 896"
          width="1em"
        >
          <path
            d="M724 218.3V141c0-6.7-7.7-10.4-12.9-6.3L260.3 486.8a31.86 31.86 0 0 0 0 50.3l450.8 352.1c5.3 4.1 12.9.4 12.9-6.3v-77.3c0-4.9-2.3-9.6-6.1-12.6l-360-281 360-281.1c3.8-3 6.1-7.7 6.1-12.6z"
          />
        </svg>
      </i>
    </button>
  </div>
  <div
    class="ant-transfer-list"
  >
    <div
      class="ant-transfer-list-header"
    >
      <label
        class="ant-checkbox-wrapper"
      >
        <span
          class="ant-checkbox"
        >
          <input
            class="ant-checkbox-input"
            type="checkbox"
          />
          <span
            class="ant-checkbox-inner"
          />
        </span>
      </label>
      <span
        class="ant-transfer-list-header-selected"
      >
        <span>
          0 item
        </span>
        <span
          class="ant-transfer-list-header-title"
        />
      </span>
    </div>
    <div
      class="ant-transfer-list-body ant-transfer-list-body-with-search"
    >
      <div
        class="ant-transfer-list-body-search-wrapper"
      >
        <div>
          <input
            class="ant-input ant-transfer-list-search"
            placeholder="Search here"
            type="text"
            value=""
          />
          <span
            class="ant-transfer-list-search-action"
          >
            <i
              class="anticon anticon-search"
            >
              <svg
                aria-hidden="true"
                class=""
                data-icon="search"
                fill="currentColor"
                height="1em"
                viewBox="64 64 896 896"
                width="1em"
              >
                <path
                  d="M608 112c-167.9 0-304 136.1-304 304 0 70.3 23.9 135 63.9 186.5L114.3 856.1a8.03 8.03 0 0 0 0 11.3l42.3 42.3c3.1 3.1 8.2 3.1 11.3 0l253.6-253.6C473 696.1 537.7 720 608 720c167.9 0 304-136.1 304-304S775.9 112 608 112zm161.2 465.2C726.2 620.3 668.9 644 608 644s-118.2-23.7-161.2-66.8C403.7 534.2 380 476.9 380 416s23.7-118.2 66.8-161.2c43-43.1 100.3-66.8 161.2-66.8s118.2 23.7 161.2 66.8c43.1 43 66.8 100.3 66.8 161.2s-23.7 118.2-66.8 161.2z"
                />
              </svg>
            </i>
          </span>
        </div>
      </div>
      <ul
        class="ant-transfer-list-content"
      />
      <div
        class="ant-transfer-list-body-not-found"
      >
        Not Found
      </div>
    </div>
  </div>
</div>
`;
