// Jest Snapshot v1, https://goo.gl/fbAQLP

exports[`renders ./components/cascader/demo/basic.md correctly 1`] = `
<span
  class="ant-cascader-picker"
  tabindex="0"
>
  <span
    class="ant-cascader-picker-label"
  />
  <input
    autocomplete="off"
    class="ant-input ant-cascader-input "
    placeholder="Please select"
    readonly=""
    type="text"
    value=""
  />
  <i
    class="anticon anticon-down ant-cascader-picker-arrow"
  >
    <svg
      aria-hidden="true"
      class=""
      data-icon="down"
      fill="currentColor"
      height="1em"
      viewBox="64 64 896 896"
      width="1em"
    >
      <path
        d="M884 256h-75c-5.1 0-9.9 2.5-12.9 6.6L512 654.2 227.9 262.6c-3-4.1-7.8-6.6-12.9-6.6h-75c-6.5 0-10.3 7.4-6.5 12.7l352.6 486.1c12.8 17.6 39 17.6 51.7 0l352.6-486.1c3.9-5.3.1-12.7-6.4-12.7z"
      />
    </svg>
  </i>
</span>
`;

exports[`renders ./components/cascader/demo/change-on-select.md correctly 1`] = `
<span
  class="ant-cascader-picker"
  tabindex="0"
>
  <span
    class="ant-cascader-picker-label"
  />
  <input
    autocomplete="off"
    class="ant-input ant-cascader-input "
    placeholder="Please select"
    readonly=""
    type="text"
    value=""
  />
  <i
    class="anticon anticon-down ant-cascader-picker-arrow"
  >
    <svg
      aria-hidden="true"
      class=""
      data-icon="down"
      fill="currentColor"
      height="1em"
      viewBox="64 64 896 896"
      width="1em"
    >
      <path
        d="M884 256h-75c-5.1 0-9.9 2.5-12.9 6.6L512 654.2 227.9 262.6c-3-4.1-7.8-6.6-12.9-6.6h-75c-6.5 0-10.3 7.4-6.5 12.7l352.6 486.1c12.8 17.6 39 17.6 51.7 0l352.6-486.1c3.9-5.3.1-12.7-6.4-12.7z"
      />
    </svg>
  </i>
</span>
`;

exports[`renders ./components/cascader/demo/custom-render.md correctly 1`] = `
<span
  class="ant-cascader-picker"
  style="width:100%"
  tabindex="0"
>
  <span
    class="ant-cascader-picker-label"
  >
    <span>
      Zhejiang / 
    </span>
    <span>
      Hangzhou / 
    </span>
    <span>
      West Lake (
      <a>
        752100
      </a>
      )
    </span>
  </span>
  <input
    autocomplete="off"
    class="ant-input ant-cascader-input "
    readonly=""
    type="text"
    value=""
  />
  <i
    class="anticon anticon-close-circle ant-cascader-picker-clear"
  >
    <svg
      aria-hidden="true"
      class=""
      data-icon="close-circle"
      fill="currentColor"
      height="1em"
      viewBox="64 64 896 896"
      width="1em"
    >
      <path
        d="M512 64C264.6 64 64 264.6 64 512s200.6 448 448 448 448-200.6 448-448S759.4 64 512 64zm165.4 618.2l-66-.3L512 563.4l-99.3 118.4-66.1.3c-4.4 0-8-3.5-8-8 0-1.9.7-3.7 1.9-5.2l130.1-155L340.5 359a8.32 8.32 0 0 1-1.9-5.2c0-4.4 3.6-8 8-8l66.1.3L512 464.6l99.3-118.4 66-.3c4.4 0 8 3.5 8 8 0 1.9-.7 3.7-1.9 5.2L553.5 514l130 155c1.2 1.5 1.9 3.3 1.9 5.2 0 4.4-3.6 8-8 8z"
      />
    </svg>
  </i>
  <i
    class="anticon anticon-down ant-cascader-picker-arrow"
  >
    <svg
      aria-hidden="true"
      class=""
      data-icon="down"
      fill="currentColor"
      height="1em"
      viewBox="64 64 896 896"
      width="1em"
    >
      <path
        d="M884 256h-75c-5.1 0-9.9 2.5-12.9 6.6L512 654.2 227.9 262.6c-3-4.1-7.8-6.6-12.9-6.6h-75c-6.5 0-10.3 7.4-6.5 12.7l352.6 486.1c12.8 17.6 39 17.6 51.7 0l352.6-486.1c3.9-5.3.1-12.7-6.4-12.7z"
      />
    </svg>
  </i>
</span>
`;

exports[`renders ./components/cascader/demo/custom-trigger.md correctly 1`] = `
<span>
  UnselectÂ 
  <a
    href="#"
    tabindex="0"
  >
    Change city
  </a>
</span>
`;

exports[`renders ./components/cascader/demo/default-value.md correctly 1`] = `
<span
  class="ant-cascader-picker"
  tabindex="0"
>
  <span
    class="ant-cascader-picker-label"
  >
    Zhejiang / Hangzhou / West Lake
  </span>
  <input
    autocomplete="off"
    class="ant-input ant-cascader-input "
    readonly=""
    type="text"
    value=""
  />
  <i
    class="anticon anticon-close-circle ant-cascader-picker-clear"
  >
    <svg
      aria-hidden="true"
      class=""
      data-icon="close-circle"
      fill="currentColor"
      height="1em"
      viewBox="64 64 896 896"
      width="1em"
    >
      <path
        d="M512 64C264.6 64 64 264.6 64 512s200.6 448 448 448 448-200.6 448-448S759.4 64 512 64zm165.4 618.2l-66-.3L512 563.4l-99.3 118.4-66.1.3c-4.4 0-8-3.5-8-8 0-1.9.7-3.7 1.9-5.2l130.1-155L340.5 359a8.32 8.32 0 0 1-1.9-5.2c0-4.4 3.6-8 8-8l66.1.3L512 464.6l99.3-118.4 66-.3c4.4 0 8 3.5 8 8 0 1.9-.7 3.7-1.9 5.2L553.5 514l130 155c1.2 1.5 1.9 3.3 1.9 5.2 0 4.4-3.6 8-8 8z"
      />
    </svg>
  </i>
  <i
    class="anticon anticon-down ant-cascader-picker-arrow"
  >
    <svg
      aria-hidden="true"
      class=""
      data-icon="down"
      fill="currentColor"
      height="1em"
      viewBox="64 64 896 896"
      width="1em"
    >
      <path
        d="M884 256h-75c-5.1 0-9.9 2.5-12.9 6.6L512 654.2 227.9 262.6c-3-4.1-7.8-6.6-12.9-6.6h-75c-6.5 0-10.3 7.4-6.5 12.7l352.6 486.1c12.8 17.6 39 17.6 51.7 0l352.6-486.1c3.9-5.3.1-12.7-6.4-12.7z"
      />
    </svg>
  </i>
</span>
`;

exports[`renders ./components/cascader/demo/disabled-option.md correctly 1`] = `
<span
  class="ant-cascader-picker"
  tabindex="0"
>
  <span
    class="ant-cascader-picker-label"
  />
  <input
    autocomplete="off"
    class="ant-input ant-cascader-input "
    placeholder="Please select"
    readonly=""
    type="text"
    value=""
  />
  <i
    class="anticon anticon-down ant-cascader-picker-arrow"
  >
    <svg
      aria-hidden="true"
      class=""
      data-icon="down"
      fill="currentColor"
      height="1em"
      viewBox="64 64 896 896"
      width="1em"
    >
      <path
        d="M884 256h-75c-5.1 0-9.9 2.5-12.9 6.6L512 654.2 227.9 262.6c-3-4.1-7.8-6.6-12.9-6.6h-75c-6.5 0-10.3 7.4-6.5 12.7l352.6 486.1c12.8 17.6 39 17.6 51.7 0l352.6-486.1c3.9-5.3.1-12.7-6.4-12.7z"
      />
    </svg>
  </i>
</span>
`;

exports[`renders ./components/cascader/demo/fields-name.md correctly 1`] = `
<span
  class="ant-cascader-picker"
  tabindex="0"
>
  <span
    class="ant-cascader-picker-label"
  />
  <input
    autocomplete="off"
    class="ant-input ant-cascader-input "
    placeholder="Please select"
    readonly=""
    type="text"
    value=""
  />
  <i
    class="anticon anticon-down ant-cascader-picker-arrow"
  >
    <svg
      aria-hidden="true"
      class=""
      data-icon="down"
      fill="currentColor"
      height="1em"
      viewBox="64 64 896 896"
      width="1em"
    >
      <path
        d="M884 256h-75c-5.1 0-9.9 2.5-12.9 6.6L512 654.2 227.9 262.6c-3-4.1-7.8-6.6-12.9-6.6h-75c-6.5 0-10.3 7.4-6.5 12.7l352.6 486.1c12.8 17.6 39 17.6 51.7 0l352.6-486.1c3.9-5.3.1-12.7-6.4-12.7z"
      />
    </svg>
  </i>
</span>
`;

exports[`renders ./components/cascader/demo/hover.md correctly 1`] = `
<span
  class="ant-cascader-picker"
  tabindex="0"
>
  <span
    class="ant-cascader-picker-label"
  />
  <input
    autocomplete="off"
    class="ant-input ant-cascader-input "
    placeholder="Please select"
    readonly=""
    type="text"
    value=""
  />
  <i
    class="anticon anticon-down ant-cascader-picker-arrow"
  >
    <svg
      aria-hidden="true"
      class=""
      data-icon="down"
      fill="currentColor"
      height="1em"
      viewBox="64 64 896 896"
      width="1em"
    >
      <path
        d="M884 256h-75c-5.1 0-9.9 2.5-12.9 6.6L512 654.2 227.9 262.6c-3-4.1-7.8-6.6-12.9-6.6h-75c-6.5 0-10.3 7.4-6.5 12.7l352.6 486.1c12.8 17.6 39 17.6 51.7 0l352.6-486.1c3.9-5.3.1-12.7-6.4-12.7z"
      />
    </svg>
  </i>
</span>
`;

exports[`renders ./components/cascader/demo/lazy.md correctly 1`] = `
<span
  class="ant-cascader-picker"
  tabindex="0"
>
  <span
    class="ant-cascader-picker-label"
  />
  <input
    autocomplete="off"
    class="ant-input ant-cascader-input "
    placeholder="Please select"
    readonly=""
    type="text"
    value=""
  />
  <i
    class="anticon anticon-down ant-cascader-picker-arrow"
  >
    <svg
      aria-hidden="true"
      class=""
      data-icon="down"
      fill="currentColor"
      height="1em"
      viewBox="64 64 896 896"
      width="1em"
    >
      <path
        d="M884 256h-75c-5.1 0-9.9 2.5-12.9 6.6L512 654.2 227.9 262.6c-3-4.1-7.8-6.6-12.9-6.6h-75c-6.5 0-10.3 7.4-6.5 12.7l352.6 486.1c12.8 17.6 39 17.6 51.7 0l352.6-486.1c3.9-5.3.1-12.7-6.4-12.7z"
      />
    </svg>
  </i>
</span>
`;

exports[`renders ./components/cascader/demo/search.md correctly 1`] = `
<span
  class="ant-cascader-picker ant-cascader-picker-show-search"
  tabindex="0"
>
  <span
    class="ant-cascader-picker-label"
  />
  <input
    autocomplete="off"
    class="ant-input ant-cascader-input "
    placeholder="Please select"
    type="text"
    value=""
  />
  <i
    class="anticon anticon-down ant-cascader-picker-arrow"
  >
    <svg
      aria-hidden="true"
      class=""
      data-icon="down"
      fill="currentColor"
      height="1em"
      viewBox="64 64 896 896"
      width="1em"
    >
      <path
        d="M884 256h-75c-5.1 0-9.9 2.5-12.9 6.6L512 654.2 227.9 262.6c-3-4.1-7.8-6.6-12.9-6.6h-75c-6.5 0-10.3 7.4-6.5 12.7l352.6 486.1c12.8 17.6 39 17.6 51.7 0l352.6-486.1c3.9-5.3.1-12.7-6.4-12.7z"
      />
    </svg>
  </i>
</span>
`;

exports[`renders ./components/cascader/demo/size.md correctly 1`] = `
<div>
  <span
    class="ant-cascader-picker ant-cascader-picker-large"
    tabindex="0"
  >
    <span
      class="ant-cascader-picker-label"
    />
    <input
      autocomplete="off"
      class="ant-input ant-cascader-input ant-input-lg"
      placeholder="Please select"
      readonly=""
      type="text"
      value=""
    />
    <i
      class="anticon anticon-down ant-cascader-picker-arrow"
    >
      <svg
        aria-hidden="true"
        class=""
        data-icon="down"
        fill="currentColor"
        height="1em"
        viewBox="64 64 896 896"
        width="1em"
      >
        <path
          d="M884 256h-75c-5.1 0-9.9 2.5-12.9 6.6L512 654.2 227.9 262.6c-3-4.1-7.8-6.6-12.9-6.6h-75c-6.5 0-10.3 7.4-6.5 12.7l352.6 486.1c12.8 17.6 39 17.6 51.7 0l352.6-486.1c3.9-5.3.1-12.7-6.4-12.7z"
        />
      </svg>
    </i>
  </span>
  <br />
  <br />
  <span
    class="ant-cascader-picker"
    tabindex="0"
  >
    <span
      class="ant-cascader-picker-label"
    />
    <input
      autocomplete="off"
      class="ant-input ant-cascader-input "
      placeholder="Please select"
      readonly=""
      type="text"
      value=""
    />
    <i
      class="anticon anticon-down ant-cascader-picker-arrow"
    >
      <svg
        aria-hidden="true"
        class=""
        data-icon="down"
        fill="currentColor"
        height="1em"
        viewBox="64 64 896 896"
        width="1em"
      >
        <path
          d="M884 256h-75c-5.1 0-9.9 2.5-12.9 6.6L512 654.2 227.9 262.6c-3-4.1-7.8-6.6-12.9-6.6h-75c-6.5 0-10.3 7.4-6.5 12.7l352.6 486.1c12.8 17.6 39 17.6 51.7 0l352.6-486.1c3.9-5.3.1-12.7-6.4-12.7z"
        />
      </svg>
    </i>
  </span>
  <br />
  <br />
  <span
    class="ant-cascader-picker ant-cascader-picker-small"
    tabindex="0"
  >
    <span
      class="ant-cascader-picker-label"
    />
    <input
      autocomplete="off"
      class="ant-input ant-cascader-input ant-input-sm"
      placeholder="Please select"
      readonly=""
      type="text"
      value=""
    />
    <i
      class="anticon anticon-down ant-cascader-picker-arrow"
    >
      <svg
        aria-hidden="true"
        class=""
        data-icon="down"
        fill="currentColor"
        height="1em"
        viewBox="64 64 896 896"
        width="1em"
      >
        <path
          d="M884 256h-75c-5.1 0-9.9 2.5-12.9 6.6L512 654.2 227.9 262.6c-3-4.1-7.8-6.6-12.9-6.6h-75c-6.5 0-10.3 7.4-6.5 12.7l352.6 486.1c12.8 17.6 39 17.6 51.7 0l352.6-486.1c3.9-5.3.1-12.7-6.4-12.7z"
        />
      </svg>
    </i>
  </span>
  <br />
  <br />
</div>
`;
