// Jest Snapshot v1, https://goo.gl/fbAQLP

exports[`renders ./components/tree-select/demo/basic.md correctly 1`] = `
<span
  aria-haspopup="listbox"
  class="ant-select ant-select-enabled ant-select-allow-clear"
  role="combobox"
  style="width:300px"
  tabindex="0"
>
  <span
    class="ant-select-selection ant-select-selection--single"
  >
    <span
      class="ant-select-selection__rendered"
    >
      <span
        class="ant-select-selection__placeholder"
      >
        Please select
      </span>
    </span>
    <span
      class="ant-select-arrow"
      style="outline:none"
    >
      <i
        class="anticon anticon-down ant-select-arrow-icon"
      >
        <svg
          aria-hidden="true"
          class=""
          data-icon="down"
          fill="currentColor"
          height="1em"
          viewBox="64 64 896 896"
          width="1em"
        >
          <path
            d="M884 256h-75c-5.1 0-9.9 2.5-12.9 6.6L512 654.2 227.9 262.6c-3-4.1-7.8-6.6-12.9-6.6h-75c-6.5 0-10.3 7.4-6.5 12.7l352.6 486.1c12.8 17.6 39 17.6 51.7 0l352.6-486.1c3.9-5.3.1-12.7-6.4-12.7z"
          />
        </svg>
      </i>
    </span>
  </span>
</span>
`;

exports[`renders ./components/tree-select/demo/checkable.md correctly 1`] = `
<span
  aria-haspopup="listbox"
  class="ant-select ant-select-enabled"
  role="combobox"
  style="width:300px"
  tabindex="-1"
>
  <span
    class="ant-select-selection ant-select-selection--multiple"
  >
    <ul
      class="ant-select-selection__rendered"
    >
      <li
        class="ant-select-selection__choice"
        role="menuitem"
        style="user-select:none;-webkit-user-select:none"
        title="Node1"
        unselectable="unselectable"
      >
        <span
          class="ant-select-selection__choice__remove"
        >
          <i
            class="anticon anticon-close ant-select-remove-icon"
          >
            <svg
              aria-hidden="true"
              class=""
              data-icon="close"
              fill="currentColor"
              height="1em"
              viewBox="64 64 896 896"
              width="1em"
            >
              <path
                d="M563.8 512l262.5-312.9c4.4-5.2.7-13.1-6.1-13.1h-79.8c-4.7 0-9.2 2.1-12.3 5.7L511.6 449.8 295.1 191.7c-3-3.6-7.5-5.7-12.3-5.7H203c-6.8 0-10.5 7.9-6.1 13.1L459.4 512 196.9 824.9A7.95 7.95 0 0 0 203 838h79.8c4.7 0 9.2-2.1 12.3-5.7l216.5-258.1 216.5 258.1c3 3.6 7.5 5.7 12.3 5.7h79.8c6.8 0 10.5-7.9 6.1-13.1L563.8 512z"
              />
            </svg>
          </i>
        </span>
        <span
          class="ant-select-selection__choice__content"
        >
          Node1
        </span>
      </li>
      <li
        class="ant-select-search ant-select-search--inline"
      >
        <span
          class="ant-select-search__field__wrap"
        >
          <input
            aria-autocomplete="list"
            aria-label="filter select"
            aria-multiline="false"
            class="ant-select-search__field"
            type="text"
            value=""
          />
          <span
            class="ant-select-search__field__mirror"
          >
             
          </span>
        </span>
      </li>
    </ul>
    <span
      class="ant-select-search__field__placeholder"
      style="display:none"
    >
      Please select
    </span>
  </span>
</span>
`;

exports[`renders ./components/tree-select/demo/multiple.md correctly 1`] = `
<span
  aria-haspopup="listbox"
  class="ant-select ant-select-enabled ant-select-allow-clear"
  role="combobox"
  style="width:300px"
  tabindex="-1"
>
  <span
    class="ant-select-selection ant-select-selection--multiple"
  >
    <ul
      class="ant-select-selection__rendered"
    >
      <li
        class="ant-select-search ant-select-search--inline"
      >
        <span
          class="ant-select-search__field__wrap"
        >
          <input
            aria-autocomplete="list"
            aria-label="filter select"
            aria-multiline="false"
            class="ant-select-search__field"
            type="text"
            value=""
          />
          <span
            class="ant-select-search__field__mirror"
          >
             
          </span>
        </span>
      </li>
    </ul>
    <span
      class="ant-select-search__field__placeholder"
      style="display:block"
    >
      Please select
    </span>
  </span>
</span>
`;

exports[`renders ./components/tree-select/demo/treeData.md correctly 1`] = `
<span
  aria-haspopup="listbox"
  class="ant-select ant-select-enabled"
  role="combobox"
  style="width:300px"
  tabindex="0"
>
  <span
    class="ant-select-selection ant-select-selection--single"
  >
    <span
      class="ant-select-selection__rendered"
    >
      <span
        class="ant-select-selection__placeholder"
      >
        Please select
      </span>
    </span>
    <span
      class="ant-select-arrow"
      style="outline:none"
    >
      <i
        class="anticon anticon-down ant-select-arrow-icon"
      >
        <svg
          aria-hidden="true"
          class=""
          data-icon="down"
          fill="currentColor"
          height="1em"
          viewBox="64 64 896 896"
          width="1em"
        >
          <path
            d="M884 256h-75c-5.1 0-9.9 2.5-12.9 6.6L512 654.2 227.9 262.6c-3-4.1-7.8-6.6-12.9-6.6h-75c-6.5 0-10.3 7.4-6.5 12.7l352.6 486.1c12.8 17.6 39 17.6 51.7 0l352.6-486.1c3.9-5.3.1-12.7-6.4-12.7z"
          />
        </svg>
      </i>
    </span>
  </span>
</span>
`;
