// Jest Snapshot v1, https://goo.gl/fbAQLP

exports[`renders ./components/time-picker/demo/12hours.md correctly 1`] = `
<div>
  <span
    class="ant-time-picker "
  >
    <input
      class="ant-time-picker-input"
      id=""
      placeholder="Select time"
      type="text"
      value=""
    />
    <span
      class="ant-time-picker-icon"
    >
      <i
        class="anticon anticon-clock-circle ant-time-picker-clock-icon"
      >
        <svg
          aria-hidden="true"
          class=""
          data-icon="clock-circle"
          fill="currentColor"
          height="1em"
          viewBox="64 64 896 896"
          width="1em"
        >
          <path
            d="M512 64C264.6 64 64 264.6 64 512s200.6 448 448 448 448-200.6 448-448S759.4 64 512 64zm0 820c-205.4 0-372-166.6-372-372s166.6-372 372-372 372 166.6 372 372-166.6 372-372 372z"
          />
          <path
            d="M686.7 638.6L544.1 535.5V288c0-4.4-3.6-8-8-8H488c-4.4 0-8 3.6-8 8v275.4c0 2.6 1.2 5 3.3 6.5l165.4 120.6c3.6 2.6 8.6 1.8 11.2-1.7l28.6-39c2.6-3.7 1.8-8.7-1.8-11.2z"
          />
        </svg>
      </i>
    </span>
  </span>
  <span
    class="ant-time-picker "
  >
    <input
      class="ant-time-picker-input"
      id=""
      placeholder="Select time"
      type="text"
      value=""
    />
    <span
      class="ant-time-picker-icon"
    >
      <i
        class="anticon anticon-clock-circle ant-time-picker-clock-icon"
      >
        <svg
          aria-hidden="true"
          class=""
          data-icon="clock-circle"
          fill="currentColor"
          height="1em"
          viewBox="64 64 896 896"
          width="1em"
        >
          <path
            d="M512 64C264.6 64 64 264.6 64 512s200.6 448 448 448 448-200.6 448-448S759.4 64 512 64zm0 820c-205.4 0-372-166.6-372-372s166.6-372 372-372 372 166.6 372 372-166.6 372-372 372z"
          />
          <path
            d="M686.7 638.6L544.1 535.5V288c0-4.4-3.6-8-8-8H488c-4.4 0-8 3.6-8 8v275.4c0 2.6 1.2 5 3.3 6.5l165.4 120.6c3.6 2.6 8.6 1.8 11.2-1.7l28.6-39c2.6-3.7 1.8-8.7-1.8-11.2z"
          />
        </svg>
      </i>
    </span>
  </span>
  <span
    class="ant-time-picker "
  >
    <input
      class="ant-time-picker-input"
      id=""
      placeholder="Select time"
      type="text"
      value=""
    />
    <span
      class="ant-time-picker-icon"
    >
      <i
        class="anticon anticon-clock-circle ant-time-picker-clock-icon"
      >
        <svg
          aria-hidden="true"
          class=""
          data-icon="clock-circle"
          fill="currentColor"
          height="1em"
          viewBox="64 64 896 896"
          width="1em"
        >
          <path
            d="M512 64C264.6 64 64 264.6 64 512s200.6 448 448 448 448-200.6 448-448S759.4 64 512 64zm0 820c-205.4 0-372-166.6-372-372s166.6-372 372-372 372 166.6 372 372-166.6 372-372 372z"
          />
          <path
            d="M686.7 638.6L544.1 535.5V288c0-4.4-3.6-8-8-8H488c-4.4 0-8 3.6-8 8v275.4c0 2.6 1.2 5 3.3 6.5l165.4 120.6c3.6 2.6 8.6 1.8 11.2-1.7l28.6-39c2.6-3.7 1.8-8.7-1.8-11.2z"
          />
        </svg>
      </i>
    </span>
  </span>
</div>
`;

exports[`renders ./components/time-picker/demo/addon.md correctly 1`] = `
<span
  class="ant-time-picker "
>
  <input
    class="ant-time-picker-input"
    id=""
    placeholder="Select time"
    type="text"
    value=""
  />
  <span
    class="ant-time-picker-icon"
  >
    <i
      class="anticon anticon-clock-circle ant-time-picker-clock-icon"
    >
      <svg
        aria-hidden="true"
        class=""
        data-icon="clock-circle"
        fill="currentColor"
        height="1em"
        viewBox="64 64 896 896"
        width="1em"
      >
        <path
          d="M512 64C264.6 64 64 264.6 64 512s200.6 448 448 448 448-200.6 448-448S759.4 64 512 64zm0 820c-205.4 0-372-166.6-372-372s166.6-372 372-372 372 166.6 372 372-166.6 372-372 372z"
        />
        <path
          d="M686.7 638.6L544.1 535.5V288c0-4.4-3.6-8-8-8H488c-4.4 0-8 3.6-8 8v275.4c0 2.6 1.2 5 3.3 6.5l165.4 120.6c3.6 2.6 8.6 1.8 11.2-1.7l28.6-39c2.6-3.7 1.8-8.7-1.8-11.2z"
        />
      </svg>
    </i>
  </span>
</span>
`;

exports[`renders ./components/time-picker/demo/basic.md correctly 1`] = `
<span
  class="ant-time-picker "
>
  <input
    class="ant-time-picker-input"
    id=""
    placeholder="Select time"
    type="text"
    value=""
  />
  <span
    class="ant-time-picker-icon"
  >
    <i
      class="anticon anticon-clock-circle ant-time-picker-clock-icon"
    >
      <svg
        aria-hidden="true"
        class=""
        data-icon="clock-circle"
        fill="currentColor"
        height="1em"
        viewBox="64 64 896 896"
        width="1em"
      >
        <path
          d="M512 64C264.6 64 64 264.6 64 512s200.6 448 448 448 448-200.6 448-448S759.4 64 512 64zm0 820c-205.4 0-372-166.6-372-372s166.6-372 372-372 372 166.6 372 372-166.6 372-372 372z"
        />
        <path
          d="M686.7 638.6L544.1 535.5V288c0-4.4-3.6-8-8-8H488c-4.4 0-8 3.6-8 8v275.4c0 2.6 1.2 5 3.3 6.5l165.4 120.6c3.6 2.6 8.6 1.8 11.2-1.7l28.6-39c2.6-3.7 1.8-8.7-1.8-11.2z"
        />
      </svg>
    </i>
  </span>
</span>
`;

exports[`renders ./components/time-picker/demo/disabled.md correctly 1`] = `
<span
  class="ant-time-picker "
>
  <input
    class="ant-time-picker-input"
    disabled=""
    id=""
    placeholder="Select time"
    type="text"
    value="12:08:23"
  />
  <span
    class="ant-time-picker-icon"
  >
    <i
      class="anticon anticon-clock-circle ant-time-picker-clock-icon"
    >
      <svg
        aria-hidden="true"
        class=""
        data-icon="clock-circle"
        fill="currentColor"
        height="1em"
        viewBox="64 64 896 896"
        width="1em"
      >
        <path
          d="M512 64C264.6 64 64 264.6 64 512s200.6 448 448 448 448-200.6 448-448S759.4 64 512 64zm0 820c-205.4 0-372-166.6-372-372s166.6-372 372-372 372 166.6 372 372-166.6 372-372 372z"
        />
        <path
          d="M686.7 638.6L544.1 535.5V288c0-4.4-3.6-8-8-8H488c-4.4 0-8 3.6-8 8v275.4c0 2.6 1.2 5 3.3 6.5l165.4 120.6c3.6 2.6 8.6 1.8 11.2-1.7l28.6-39c2.6-3.7 1.8-8.7-1.8-11.2z"
        />
      </svg>
    </i>
  </span>
</span>
`;

exports[`renders ./components/time-picker/demo/hide-column.md correctly 1`] = `
<span
  class="ant-time-picker "
>
  <input
    class="ant-time-picker-input"
    id=""
    placeholder="Select time"
    type="text"
    value="12:08"
  />
  <span
    class="ant-time-picker-icon"
  >
    <i
      class="anticon anticon-clock-circle ant-time-picker-clock-icon"
    >
      <svg
        aria-hidden="true"
        class=""
        data-icon="clock-circle"
        fill="currentColor"
        height="1em"
        viewBox="64 64 896 896"
        width="1em"
      >
        <path
          d="M512 64C264.6 64 64 264.6 64 512s200.6 448 448 448 448-200.6 448-448S759.4 64 512 64zm0 820c-205.4 0-372-166.6-372-372s166.6-372 372-372 372 166.6 372 372-166.6 372-372 372z"
        />
        <path
          d="M686.7 638.6L544.1 535.5V288c0-4.4-3.6-8-8-8H488c-4.4 0-8 3.6-8 8v275.4c0 2.6 1.2 5 3.3 6.5l165.4 120.6c3.6 2.6 8.6 1.8 11.2-1.7l28.6-39c2.6-3.7 1.8-8.7-1.8-11.2z"
        />
      </svg>
    </i>
  </span>
</span>
`;

exports[`renders ./components/time-picker/demo/interval-options.md correctly 1`] = `
<span
  class="ant-time-picker "
>
  <input
    class="ant-time-picker-input"
    id=""
    placeholder="Select time"
    type="text"
    value=""
  />
  <span
    class="ant-time-picker-icon"
  >
    <i
      class="anticon anticon-clock-circle ant-time-picker-clock-icon"
    >
      <svg
        aria-hidden="true"
        class=""
        data-icon="clock-circle"
        fill="currentColor"
        height="1em"
        viewBox="64 64 896 896"
        width="1em"
      >
        <path
          d="M512 64C264.6 64 64 264.6 64 512s200.6 448 448 448 448-200.6 448-448S759.4 64 512 64zm0 820c-205.4 0-372-166.6-372-372s166.6-372 372-372 372 166.6 372 372-166.6 372-372 372z"
        />
        <path
          d="M686.7 638.6L544.1 535.5V288c0-4.4-3.6-8-8-8H488c-4.4 0-8 3.6-8 8v275.4c0 2.6 1.2 5 3.3 6.5l165.4 120.6c3.6 2.6 8.6 1.8 11.2-1.7l28.6-39c2.6-3.7 1.8-8.7-1.8-11.2z"
        />
      </svg>
    </i>
  </span>
</span>
`;

exports[`renders ./components/time-picker/demo/size.md correctly 1`] = `
<div>
  <span
    class="ant-time-picker ant-time-picker-large"
  >
    <input
      class="ant-time-picker-input"
      id=""
      placeholder="Select time"
      type="text"
      value="12:08:23"
    />
    <span
      class="ant-time-picker-icon"
    >
      <i
        class="anticon anticon-clock-circle ant-time-picker-clock-icon"
      >
        <svg
          aria-hidden="true"
          class=""
          data-icon="clock-circle"
          fill="currentColor"
          height="1em"
          viewBox="64 64 896 896"
          width="1em"
        >
          <path
            d="M512 64C264.6 64 64 264.6 64 512s200.6 448 448 448 448-200.6 448-448S759.4 64 512 64zm0 820c-205.4 0-372-166.6-372-372s166.6-372 372-372 372 166.6 372 372-166.6 372-372 372z"
          />
          <path
            d="M686.7 638.6L544.1 535.5V288c0-4.4-3.6-8-8-8H488c-4.4 0-8 3.6-8 8v275.4c0 2.6 1.2 5 3.3 6.5l165.4 120.6c3.6 2.6 8.6 1.8 11.2-1.7l28.6-39c2.6-3.7 1.8-8.7-1.8-11.2z"
          />
        </svg>
      </i>
    </span>
  </span>
  <span
    class="ant-time-picker "
  >
    <input
      class="ant-time-picker-input"
      id=""
      placeholder="Select time"
      type="text"
      value="12:08:23"
    />
    <span
      class="ant-time-picker-icon"
    >
      <i
        class="anticon anticon-clock-circle ant-time-picker-clock-icon"
      >
        <svg
          aria-hidden="true"
          class=""
          data-icon="clock-circle"
          fill="currentColor"
          height="1em"
          viewBox="64 64 896 896"
          width="1em"
        >
          <path
            d="M512 64C264.6 64 64 264.6 64 512s200.6 448 448 448 448-200.6 448-448S759.4 64 512 64zm0 820c-205.4 0-372-166.6-372-372s166.6-372 372-372 372 166.6 372 372-166.6 372-372 372z"
          />
          <path
            d="M686.7 638.6L544.1 535.5V288c0-4.4-3.6-8-8-8H488c-4.4 0-8 3.6-8 8v275.4c0 2.6 1.2 5 3.3 6.5l165.4 120.6c3.6 2.6 8.6 1.8 11.2-1.7l28.6-39c2.6-3.7 1.8-8.7-1.8-11.2z"
          />
        </svg>
      </i>
    </span>
  </span>
  <span
    class="ant-time-picker ant-time-picker-small"
  >
    <input
      class="ant-time-picker-input"
      id=""
      placeholder="Select time"
      type="text"
      value="12:08:23"
    />
    <span
      class="ant-time-picker-icon"
    >
      <i
        class="anticon anticon-clock-circle ant-time-picker-clock-icon"
      >
        <svg
          aria-hidden="true"
          class=""
          data-icon="clock-circle"
          fill="currentColor"
          height="1em"
          viewBox="64 64 896 896"
          width="1em"
        >
          <path
            d="M512 64C264.6 64 64 264.6 64 512s200.6 448 448 448 448-200.6 448-448S759.4 64 512 64zm0 820c-205.4 0-372-166.6-372-372s166.6-372 372-372 372 166.6 372 372-166.6 372-372 372z"
          />
          <path
            d="M686.7 638.6L544.1 535.5V288c0-4.4-3.6-8-8-8H488c-4.4 0-8 3.6-8 8v275.4c0 2.6 1.2 5 3.3 6.5l165.4 120.6c3.6 2.6 8.6 1.8 11.2-1.7l28.6-39c2.6-3.7 1.8-8.7-1.8-11.2z"
          />
        </svg>
      </i>
    </span>
  </span>
</div>
`;

exports[`renders ./components/time-picker/demo/value.md correctly 1`] = `
<span
  class="ant-time-picker "
>
  <input
    class="ant-time-picker-input"
    id=""
    placeholder="Select time"
    type="text"
    value=""
  />
  <span
    class="ant-time-picker-icon"
  >
    <i
      class="anticon anticon-clock-circle ant-time-picker-clock-icon"
    >
      <svg
        aria-hidden="true"
        class=""
        data-icon="clock-circle"
        fill="currentColor"
        height="1em"
        viewBox="64 64 896 896"
        width="1em"
      >
        <path
          d="M512 64C264.6 64 64 264.6 64 512s200.6 448 448 448 448-200.6 448-448S759.4 64 512 64zm0 820c-205.4 0-372-166.6-372-372s166.6-372 372-372 372 166.6 372 372-166.6 372-372 372z"
        />
        <path
          d="M686.7 638.6L544.1 535.5V288c0-4.4-3.6-8-8-8H488c-4.4 0-8 3.6-8 8v275.4c0 2.6 1.2 5 3.3 6.5l165.4 120.6c3.6 2.6 8.6 1.8 11.2-1.7l28.6-39c2.6-3.7 1.8-8.7-1.8-11.2z"
        />
      </svg>
    </i>
  </span>
</span>
`;
